2025-10-14 11:49:41.302 [main] INFO  Unidad1.ejemplo.FileNuevo - java.util.Scanner[delimiters=\p{javaWhitespace}+][position=3][match valid=true][need input=false][source closed=false][skipped=false][group separator=\x{2e}][decimal separator=\x{2c}][positive prefix=][negative prefix=\Q-\E][positive suffix=][negative suffix=][NaN string=\QNaN\E][infinity string=\Q∞\E]
2025-10-14 11:49:41.305 [main] INFO  Unidad1.ejemplo.FileNuevo - java.util.Scanner[delimiters=\p{javaWhitespace}+][position=8][match valid=true][need input=false][source closed=false][skipped=false][group separator=\x{2e}][decimal separator=\x{2c}][positive prefix=][negative prefix=\Q-\E][positive suffix=][negative suffix=][NaN string=\QNaN\E][infinity string=\Q∞\E]
2025-10-14 11:49:41.305 [main] INFO  Unidad1.ejemplo.FileNuevo - java.util.Scanner[delimiters=\p{javaWhitespace}+][position=11][match valid=true][need input=false][source closed=false][skipped=false][group separator=\x{2e}][decimal separator=\x{2c}][positive prefix=][negative prefix=\Q-\E][positive suffix=][negative suffix=][NaN string=\QNaN\E][infinity string=\Q∞\E]
2025-10-14 11:49:41.305 [main] INFO  Unidad1.ejemplo.FileNuevo - java.util.Scanner[delimiters=\p{javaWhitespace}+][position=18][match valid=true][need input=false][source closed=false][skipped=false][group separator=\x{2e}][decimal separator=\x{2c}][positive prefix=][negative prefix=\Q-\E][positive suffix=][negative suffix=][NaN string=\QNaN\E][infinity string=\Q∞\E]
2025-10-14 11:49:41.305 [main] INFO  Unidad1.ejemplo.FileNuevo - java.util.Scanner[delimiters=\p{javaWhitespace}+][position=24][match valid=true][need input=false][source closed=false][skipped=false][group separator=\x{2e}][decimal separator=\x{2c}][positive prefix=][negative prefix=\Q-\E][positive suffix=][negative suffix=][NaN string=\QNaN\E][infinity string=\Q∞\E]
2025-10-14 11:49:41.305 [main] INFO  Unidad1.ejemplo.FileNuevo - java.util.Scanner[delimiters=\p{javaWhitespace}+][position=29][match valid=true][need input=false][source closed=false][skipped=false][group separator=\x{2e}][decimal separator=\x{2c}][positive prefix=][negative prefix=\Q-\E][positive suffix=][negative suffix=][NaN string=\QNaN\E][infinity string=\Q∞\E]
2025-10-14 11:49:41.306 [main] INFO  Unidad1.ejemplo.FileNuevo - java.util.Scanner[delimiters=\p{javaWhitespace}+][position=33][match valid=true][need input=false][source closed=false][skipped=false][group separator=\x{2e}][decimal separator=\x{2c}][positive prefix=][negative prefix=\Q-\E][positive suffix=][negative suffix=][NaN string=\QNaN\E][infinity string=\Q∞\E]
2025-10-14 11:49:41.306 [main] INFO  Unidad1.ejemplo.FileNuevo - java.util.Scanner[delimiters=\p{javaWhitespace}+][position=46][match valid=true][need input=false][source closed=false][skipped=false][group separator=\x{2e}][decimal separator=\x{2c}][positive prefix=][negative prefix=\Q-\E][positive suffix=][negative suffix=][NaN string=\QNaN\E][infinity string=\Q∞\E]
2025-10-14 11:49:41.306 [main] INFO  Unidad1.ejemplo.FileNuevo - java.util.Scanner[delimiters=\p{javaWhitespace}+][position=52][match valid=true][need input=false][source closed=false][skipped=false][group separator=\x{2e}][decimal separator=\x{2c}][positive prefix=][negative prefix=\Q-\E][positive suffix=][negative suffix=][NaN string=\QNaN\E][infinity string=\Q∞\E]
2025-10-14 11:49:41.306 [main] INFO  Unidad1.ejemplo.FileNuevo - java.util.Scanner[delimiters=\p{javaWhitespace}+][position=60][match valid=true][need input=false][source closed=false][skipped=false][group separator=\x{2e}][decimal separator=\x{2c}][positive prefix=][negative prefix=\Q-\E][positive suffix=][negative suffix=][NaN string=\QNaN\E][infinity string=\Q∞\E]
2025-10-14 11:49:41.307 [main] INFO  Unidad1.ejemplo.FileNuevo - java.util.Scanner[delimiters=\p{javaWhitespace}+][position=67][match valid=true][need input=false][source closed=true][skipped=false][group separator=\x{2e}][decimal separator=\x{2c}][positive prefix=][negative prefix=\Q-\E][positive suffix=][negative suffix=][NaN string=\QNaN\E][infinity string=\Q∞\E]
2025-10-14 11:51:41.969 [main] INFO  Unidad1.ejemplo.FileNuevo - erg
2025-10-14 11:51:41.971 [main] INFO  Unidad1.ejemplo.FileNuevo - ewr
2025-10-14 11:51:41.972 [main] INFO  Unidad1.ejemplo.FileNuevo - g
2025-10-14 11:51:41.972 [main] INFO  Unidad1.ejemplo.FileNuevo - ewrhg
2025-10-14 11:51:41.972 [main] INFO  Unidad1.ejemplo.FileNuevo - ewhg
2025-10-14 11:51:41.972 [main] INFO  Unidad1.ejemplo.FileNuevo - rth
2025-10-14 11:51:41.972 [main] INFO  Unidad1.ejemplo.FileNuevo - wr
2025-10-14 11:51:41.972 [main] INFO  Unidad1.ejemplo.FileNuevo - nj7537iuj56
2025-10-14 11:51:41.972 [main] INFO  Unidad1.ejemplo.FileNuevo - u6jh
2025-10-14 11:51:41.972 [main] INFO  Unidad1.ejemplo.FileNuevo - wrthuj
2025-10-14 11:51:41.973 [main] INFO  Unidad1.ejemplo.FileNuevo - viejo
2025-10-14 11:54:20.031 [main] INFO  Unidad1.ejemplo.FileNuevo - erg
2025-10-14 11:54:20.034 [main] INFO  Unidad1.ejemplo.FileNuevo - 
2025-10-14 11:54:20.034 [main] INFO  Unidad1.ejemplo.FileNuevo - 
ewr
g
2025-10-14 11:54:20.034 [main] INFO  Unidad1.ejemplo.FileNuevo - 
ewrhg
e
2025-10-14 11:54:20.034 [main] INFO  Unidad1.ejemplo.FileNuevo - whg

2025-10-14 11:54:20.034 [main] INFO  Unidad1.ejemplo.FileNuevo - rth
2025-10-14 11:54:20.034 [main] INFO  Unidad1.ejemplo.FileNuevo - 

2025-10-14 11:54:20.034 [main] INFO  Unidad1.ejemplo.FileNuevo - wr
nj
2025-10-14 11:54:20.034 [main] INFO  Unidad1.ejemplo.FileNuevo - 753
2025-10-14 11:54:20.035 [main] INFO  Unidad1.ejemplo.FileNuevo - 
wr
2025-10-14 11:54:20.035 [main] INFO  Unidad1.ejemplo.FileNuevo - thuj
viej
2025-10-14 11:54:20.035 [main] INFO  Unidad1.ejemplo.FileNuevo - o
2025-10-14 11:59:24.381 [main] INFO  Unidad1.ejemplo.FileNuevo - Pepe
2025-10-14 11:59:24.383 [main] INFO  Unidad1.ejemplo.FileNuevo - 8
2025-10-14 11:59:24.383 [main] INFO  Unidad1.ejemplo.FileNuevo - 7
2025-10-14 11:59:24.384 [main] INFO  Unidad1.ejemplo.FileNuevo - 6
Maria
2025-10-14 11:59:24.384 [main] INFO  Unidad1.ejemplo.FileNuevo - 9
2025-10-14 11:59:24.384 [main] INFO  Unidad1.ejemplo.FileNuevo - 5
2025-10-14 11:59:24.384 [main] INFO  Unidad1.ejemplo.FileNuevo - 3
2025-10-14 12:04:49.481 [main] INFO  Unidad1.ejemplo.FileNuevo - Pepe
2025-10-14 12:04:49.483 [main] INFO  Unidad1.ejemplo.FileNuevo - 8
2025-10-14 12:04:49.483 [main] INFO  Unidad1.ejemplo.FileNuevo - 7
2025-10-14 12:04:49.483 [main] INFO  Unidad1.ejemplo.FileNuevo - 6
Maria
2025-10-14 12:04:49.484 [main] INFO  Unidad1.ejemplo.FileNuevo - 9
2025-10-14 12:04:49.484 [main] INFO  Unidad1.ejemplo.FileNuevo - 5
2025-10-14 12:04:49.484 [main] INFO  Unidad1.ejemplo.FileNuevo - 3
2025-10-14 12:05:12.232 [main] INFO  Unidad1.ejemplo.FileNuevo - Alumno: Pepe
2025-10-14 12:05:12.234 [main] INFO  Unidad1.ejemplo.FileNuevo - 
Nota: 1.0
2025-10-14 12:05:12.234 [main] INFO  Unidad1.ejemplo.FileNuevo - 
Nota; 6.5
2025-10-14 12:05:12.234 [main] INFO  Unidad1.ejemplo.FileNuevo - 
Nota: 7.7
2025-10-14 12:05:12.234 [main] INFO  Unidad1.ejemplo.FileNuevo - 
Alumno: Marcos
2025-10-14 12:05:12.235 [main] INFO  Unidad1.ejemplo.FileNuevo - 
Nota:2

